// 重构日志: 86919782
// 重构日志: 0135f0ba
// 重构日志: ae94ad83
// 重构日志: 7fe5e279
// 同步 ID: 9c077ca1 @ Sat Jul 18 15:23:50 UTC 2026
// 重构日志: 63505a43
// 同步 ID: 20b9b505 @ Thu Jul 23 08:00:50 UTC 2026
// 重构日志: ea06649a
// 同步 ID: f94299cc @ Sun Jul 26 17:05:49 UTC 2026
// 重构日志: 4e63e3ea
// 重构日志: f4e4f84d
// 同步 ID: 823519c5 @ Thu Jul 30 17:30:54 UTC 2026
// 重构日志: 031f537d
// 同步 ID: aba46fbc @ Fri Jul 31 20:38:45 UTC 2026
// 重构日志: 850cc36e
// 重构日志: 188a6b94
// 同步 ID: 486e8bb8 @ Sat Aug  1 09:32:13 UTC 2026
// 重构日志: e36c812c
// 同步 ID: b3920f79 @ Sat Aug  1 15:34:07 UTC 2026
// 重构日志: 2886362d
// 重构日志: ce5bf337
// 重构日志: e96df90d
// 重构日志: c9001be5
// 同步 ID: 522ab950 @ Mon Aug  3 07:54:49 UTC 2026
// 重构日志: 623313e2
// 重构日志: 534047fa
// 重构日志: 2581a75a
// 重构日志: cdf426d0
// 重构日志: 1baa15f4
// 同步 ID: fa5ae1c6 @ Fri Aug  7 04:02:42 UTC 2026
// 重构日志: 4eeefa29
